// Jest Snapshot v1, https://goo.gl/fbAQLP

exports[`Cart checkout() should return and object with total and the list of items 1`] = `
{
  "items": [
    {
      "product": {
        "price": 35388,
        "title": "Adidas running shoed - men",
      },
      "quantity": 2,
    },
    {
      "product": {
        "price": 41872,
        "title": "Adidas running shoed - women",
      },
      "quantity": 2,
    },
  ],
  "total": 154520,
}
`;

exports[`Cart checkout() should return and object with total and the list of items 2`] = `
{
  "items": [
    {
      "product": {
        "price": 35388,
        "title": "Adidas running shoed - men",
      },
      "quantity": 2,
    },
    {
      "product": {
        "price": 41872,
        "title": "Adidas running shoed - women",
      },
      "quantity": 2,
    },
  ],
  "total": 154520,
}
`;

exports[`Cart checkout() should return and object with total and the list of items when summary() 1`] = `
{
  "items": [
    {
      "product": {
        "price": 35388,
        "title": "Adidas running shoed - men",
      },
      "quantity": 2,
    },
    {
      "product": {
        "price": 41872,
        "title": "Adidas running shoed - women",
      },
      "quantity": 2,
    },
  ],
  "total": 154520,
}
`;

exports[`Cart checkout() should return and object with total and the list of items when summary() is called 1`] = `
{
  "items": [
    {
      "product": {
        "price": 35388,
        "title": "Adidas running shoed - men",
      },
      "quantity": 2,
    },
    {
      "product": {
        "price": 41872,
        "title": "Adidas running shoed - women",
      },
      "quantity": 2,
    },
  ],
  "total": 154520,
}
`;
